  Determining projects to restore...
  All projects are up-to-date for restore.
  PeopleHub.Domain -> /workspaces/PeopleHub/src/PeopleHub.Domain/bin/Debug/net9.0/PeopleHub.Domain.dll
  PeopleHub.Contracts -> /workspaces/PeopleHub/src/PeopleHub.Contracts/bin/Debug/net9.0/PeopleHub.Contracts.dll
  PeopleHub.Common -> /workspaces/PeopleHub/src/PeopleHub.Common/bin/Debug/net9.0/PeopleHub.Common.dll
  PeopleHub.Application -> /workspaces/PeopleHub/src/PeopleHub.Application/bin/Debug/net9.0/PeopleHub.Application.dll
  PeopleHub.Infrastructure -> /workspaces/PeopleHub/src/PeopleHub.Infrastructure/bin/Debug/net9.0/PeopleHub.Infrastructure.dll
  PeopleHub.API -> /workspaces/PeopleHub/src/PeopleHub.API/bin/Debug/net9.0/PeopleHub.API.dll
  PeopleHub.IntegrationTests -> /workspaces/PeopleHub/tests/PeopleHub.IntegrationTests/bin/Debug/net9.0/PeopleHub.IntegrationTests.dll
Test run for /workspaces/PeopleHub/tests/PeopleHub.IntegrationTests/bin/Debug/net9.0/PeopleHub.IntegrationTests.dll (.NETCoreApp,Version=v9.0)
VSTest version 17.14.1 (x64)

Starting test execution, please wait...
A total of 1 test files matched the specified pattern.
[xUnit.net 00:00:03.55]     PeopleHub.IntegrationTests.Authentication.RegisterTests.Register_WithValidRequest_ShouldReturnCreated [FAIL]
[xUnit.net 00:00:03.57]     PeopleHub.IntegrationTests.Controllers.ServiceCategoriesControllerTests.Create_ShouldReturnCreated [FAIL]
[xUnit.net 00:00:03.64]     PeopleHub.IntegrationTests.Controllers.ServiceCategoriesControllerTests.GetAll_ShouldReturnSuccessStatusCode [FAIL]
[xUnit.net 00:00:03.64]     PeopleHub.IntegrationTests.Providers.ProviderProfileTests.Update_ShouldReturnUpdatedProviderProfile [FAIL]
[xUnit.net 00:00:03.68]     PeopleHub.IntegrationTests.Controllers.ServiceCategoriesControllerTests.Update_ShouldReturnNoContent_AndUpdateCategory [FAIL]
[xUnit.net 00:00:03.68]     PeopleHub.IntegrationTests.Providers.ProviderProfileTests.Create_WhenProfileAlreadyExists_ShouldReturnBadRequest [FAIL]
[xUnit.net 00:00:03.71]     PeopleHub.IntegrationTests.Controllers.ServiceCategoriesControllerTests.GetById_ShouldReturnCreatedCategory [FAIL]
[xUnit.net 00:00:03.74]     PeopleHub.IntegrationTests.Providers.ProviderProfileTests.Get_WhenProfileDoesNotExist_ShouldReturnNotFound [FAIL]
  Failed PeopleHub.IntegrationTests.Controllers.ServiceCategoriesControllerTests.Create_ShouldReturnCreated [1 ms]
  Error Message:
   System.InvalidOperationException : Services for database providers 'Microsoft.EntityFrameworkCore.SqlServer', 'Microsoft.EntityFrameworkCore.Sqlite' have been registered in the service provider. Only a single database provider can be registered in a service provider. If possible, ensure that Entity Framework is managing its service provider by removing the call to 'UseInternalServiceProvider'. Otherwise, consider conditionally registering the database provider, or maintaining one service provider per database provider.
  Stack Trace:
     at Microsoft.EntityFrameworkCore.Internal.DbContextServices.Initialize(IServiceProvider scopedProvider, DbContextOptions contextOptions, DbContext context)
   at Microsoft.EntityFrameworkCore.DbContext.get_ContextServices()
   at Microsoft.EntityFrameworkCore.DbContext.get_InternalServiceProvider()
   at Microsoft.EntityFrameworkCore.DbContext.Microsoft.EntityFrameworkCore.Infrastructure.IInfrastructure<System.IServiceProvider>.get_Instance()
   at Microsoft.EntityFrameworkCore.Infrastructure.Internal.InfrastructureExtensions.GetService(IInfrastructure`1 accessor, Type serviceType)
   at Microsoft.EntityFrameworkCore.Infrastructure.Internal.InfrastructureExtensions.GetService[TService](IInfrastructure`1 accessor)
   at Microsoft.EntityFrameworkCore.Infrastructure.AccessorExtensions.GetService[TService](IInfrastructure`1 accessor)
   at Microsoft.EntityFrameworkCore.Infrastructure.DatabaseFacade.get_Dependencies()
   at Microsoft.EntityFrameworkCore.Infrastructure.DatabaseFacade.EnsureDeleted()
   at PeopleHub.IntegrationTests.Infrastructure.CustomWebApplicationFactory.CreateHost(IHostBuilder builder) in /workspaces/PeopleHub/tests/PeopleHub.IntegrationTests/Infrastructure/CustomWebApplicationFactory.cs:line 66
   at Microsoft.AspNetCore.Mvc.Testing.WebApplicationFactory`1.ConfigureHostBuilder(IHostBuilder hostBuilder)
   at Microsoft.AspNetCore.Mvc.Testing.WebApplicationFactory`1.EnsureServer()
   at Microsoft.AspNetCore.Mvc.Testing.WebApplicationFactory`1.CreateDefaultClient(DelegatingHandler[] handlers)
   at Microsoft.AspNetCore.Mvc.Testing.WebApplicationFactory`1.CreateDefaultClient(Uri baseAddress, DelegatingHandler[] handlers)
   at Microsoft.AspNetCore.Mvc.Testing.WebApplicationFactory`1.CreateClient(WebApplicationFactoryClientOptions options)
   at Microsoft.AspNetCore.Mvc.Testing.WebApplicationFactory`1.CreateClient()
   at PeopleHub.IntegrationTests.Controllers.ServiceCategoriesControllerTests..ctor(CustomWebApplicationFactory factory, ITestOutputHelper output) in /workspaces/PeopleHub/tests/PeopleHub.IntegrationTests/Providers/ServiceCategories/ServiceCategoriesControllerTests.cs:line 21
   at System.RuntimeMethodHandle.InvokeMethod(Object target, Void** arguments, Signature sig, Boolean isConstructor)
   at System.Reflection.MethodBaseInvoker.InvokeDirectByRefWithFewArgs(Object obj, Span`1 copyOfArgs, BindingFlags invokeAttr)
  Failed PeopleHub.IntegrationTests.Authentication.RegisterTests.Register_WithValidRequest_ShouldReturnCreated [1 ms]
  Error Message:
   System.InvalidOperationException : Services for database providers 'Microsoft.EntityFrameworkCore.SqlServer', 'Microsoft.EntityFrameworkCore.Sqlite' have been registered in the service provider. Only a single database provider can be registered in a service provider. If possible, ensure that Entity Framework is managing its service provider by removing the call to 'UseInternalServiceProvider'. Otherwise, consider conditionally registering the database provider, or maintaining one service provider per database provider.
  Stack Trace:
     at Microsoft.EntityFrameworkCore.Internal.DbContextServices.Initialize(IServiceProvider scopedProvider, DbContextOptions contextOptions, DbContext context)
   at Microsoft.EntityFrameworkCore.DbContext.get_ContextServices()
   at Microsoft.EntityFrameworkCore.DbContext.get_InternalServiceProvider()
   at Microsoft.EntityFrameworkCore.DbContext.Microsoft.EntityFrameworkCore.Infrastructure.IInfrastructure<System.IServiceProvider>.get_Instance()
   at Microsoft.EntityFrameworkCore.Infrastructure.Internal.InfrastructureExtensions.GetService(IInfrastructure`1 accessor, Type serviceType)
   at Microsoft.EntityFrameworkCore.Infrastructure.Internal.InfrastructureExtensions.GetService[TService](IInfrastructure`1 accessor)
   at Microsoft.EntityFrameworkCore.Infrastructure.AccessorExtensions.GetService[TService](IInfrastructure`1 accessor)
   at Microsoft.EntityFrameworkCore.Infrastructure.DatabaseFacade.get_Dependencies()
   at Microsoft.EntityFrameworkCore.Infrastructure.DatabaseFacade.EnsureDeleted()
   at PeopleHub.IntegrationTests.Infrastructure.CustomWebApplicationFactory.CreateHost(IHostBuilder builder) in /workspaces/PeopleHub/tests/PeopleHub.IntegrationTests/Infrastructure/CustomWebApplicationFactory.cs:line 66
   at Microsoft.AspNetCore.Mvc.Testing.WebApplicationFactory`1.ConfigureHostBuilder(IHostBuilder hostBuilder)
   at Microsoft.AspNetCore.Mvc.Testing.WebApplicationFactory`1.EnsureServer()
   at Microsoft.AspNetCore.Mvc.Testing.WebApplicationFactory`1.get_Services()
   at PeopleHub.IntegrationTests.Infrastructure.CustomWebApplicationFactory.ResetDatabase() in /workspaces/PeopleHub/tests/PeopleHub.IntegrationTests/Infrastructure/CustomWebApplicationFactory.cs:line 75
   at PeopleHub.IntegrationTests.Infrastructure.IntegrationTestBase..ctor(CustomWebApplicationFactory factory) in /workspaces/PeopleHub/tests/PeopleHub.IntegrationTests/Infrastructure/IntegrationTestBase.cs:line 13
   at PeopleHub.IntegrationTests.Authentication.RegisterTests..ctor(CustomWebApplicationFactory factory) in /workspaces/PeopleHub/tests/PeopleHub.IntegrationTests/Authentication/RegisterTests.cs:line 12
   at System.RuntimeMethodHandle.InvokeMethod(Object target, Void** arguments, Signature sig, Boolean isConstructor)
   at System.Reflection.MethodBaseInvoker.InvokeDirectByRefWithFewArgs(Object obj, Span`1 copyOfArgs, BindingFlags invokeAttr)
  Failed PeopleHub.IntegrationTests.Controllers.ServiceCategoriesControllerTests.GetAll_ShouldReturnSuccessStatusCode [1 ms]
  Error Message:
   System.InvalidOperationException : Services for database providers 'Microsoft.EntityFrameworkCore.SqlServer', 'Microsoft.EntityFrameworkCore.Sqlite' have been registered in the service provider. Only a single database provider can be registered in a service provider. If possible, ensure that Entity Framework is managing its service provider by removing the call to 'UseInternalServiceProvider'. Otherwise, consider conditionally registering the database provider, or maintaining one service provider per database provider.
  Stack Trace:
     at Microsoft.EntityFrameworkCore.Internal.DbContextServices.Initialize(IServiceProvider scopedProvider, DbContextOptions contextOptions, DbContext context)
   at Microsoft.EntityFrameworkCore.DbContext.get_ContextServices()
   at Microsoft.EntityFrameworkCore.DbContext.get_InternalServiceProvider()
   at Microsoft.EntityFrameworkCore.DbContext.Microsoft.EntityFrameworkCore.Infrastructure.IInfrastructure<System.IServiceProvider>.get_Instance()
   at Microsoft.EntityFrameworkCore.Infrastructure.Internal.InfrastructureExtensions.GetService(IInfrastructure`1 accessor, Type serviceType)
   at Microsoft.EntityFrameworkCore.Infrastructure.Internal.InfrastructureExtensions.GetService[TService](IInfrastructure`1 accessor)
   at Microsoft.EntityFrameworkCore.Infrastructure.AccessorExtensions.GetService[TService](IInfrastructure`1 accessor)
   at Microsoft.EntityFrameworkCore.Infrastructure.DatabaseFacade.get_Dependencies()
   at Microsoft.EntityFrameworkCore.Infrastructure.DatabaseFacade.EnsureDeleted()
   at PeopleHub.IntegrationTests.Infrastructure.CustomWebApplicationFactory.CreateHost(IHostBuilder builder) in /workspaces/PeopleHub/tests/PeopleHub.IntegrationTests/Infrastructure/CustomWebApplicationFactory.cs:line 66
   at Microsoft.AspNetCore.Mvc.Testing.WebApplicationFactory`1.ConfigureHostBuilder(IHostBuilder hostBuilder)
   at Microsoft.AspNetCore.Mvc.Testing.WebApplicationFactory`1.EnsureServer()
   at Microsoft.AspNetCore.Mvc.Testing.WebApplicationFactory`1.CreateDefaultClient(DelegatingHandler[] handlers)
   at Microsoft.AspNetCore.Mvc.Testing.WebApplicationFactory`1.CreateDefaultClient(Uri baseAddress, DelegatingHandler[] handlers)
   at Microsoft.AspNetCore.Mvc.Testing.WebApplicationFactory`1.CreateClient(WebApplicationFactoryClientOptions options)
   at Microsoft.AspNetCore.Mvc.Testing.WebApplicationFactory`1.CreateClient()
   at PeopleHub.IntegrationTests.Controllers.ServiceCategoriesControllerTests..ctor(CustomWebApplicationFactory factory, ITestOutputHelper output) in /workspaces/PeopleHub/tests/PeopleHub.IntegrationTests/Providers/ServiceCategories/ServiceCategoriesControllerTests.cs:line 21
   at InvokeStub_ServiceCategoriesControllerTests..ctor(Object, Span`1)
   at System.Reflection.MethodBaseInvoker.InvokeWithFewArgs(Object obj, BindingFlags invokeAttr, Binder binder, Object[] parameters, CultureInfo culture)
  Failed PeopleHub.IntegrationTests.Providers.ProviderProfileTests.Update_ShouldReturnUpdatedProviderProfile [1 ms]
  Error Message:
   System.InvalidOperationException : Services for database providers 'Microsoft.EntityFrameworkCore.SqlServer', 'Microsoft.EntityFrameworkCore.Sqlite' have been registered in the service provider. Only a single database provider can be registered in a service provider. If possible, ensure that Entity Framework is managing its service provider by removing the call to 'UseInternalServiceProvider'. Otherwise, consider conditionally registering the database provider, or maintaining one service provider per database provider.
  Stack Trace:
     at Microsoft.EntityFrameworkCore.Internal.DbContextServices.Initialize(IServiceProvider scopedProvider, DbContextOptions contextOptions, DbContext context)
   at Microsoft.EntityFrameworkCore.DbContext.get_ContextServices()
   at Microsoft.EntityFrameworkCore.DbContext.get_InternalServiceProvider()
   at Microsoft.EntityFrameworkCore.DbContext.Microsoft.EntityFrameworkCore.Infrastructure.IInfrastructure<System.IServiceProvider>.get_Instance()
   at Microsoft.EntityFrameworkCore.Infrastructure.Internal.InfrastructureExtensions.GetService(IInfrastructure`1 accessor, Type serviceType)
   at Microsoft.EntityFrameworkCore.Infrastructure.Internal.InfrastructureExtensions.GetService[TService](IInfrastructure`1 accessor)
   at Microsoft.EntityFrameworkCore.Infrastructure.AccessorExtensions.GetService[TService](IInfrastructure`1 accessor)
   at Microsoft.EntityFrameworkCore.Infrastructure.DatabaseFacade.get_Dependencies()
   at Microsoft.EntityFrameworkCore.Infrastructure.DatabaseFacade.EnsureDeleted()
   at PeopleHub.IntegrationTests.Infrastructure.CustomWebApplicationFactory.CreateHost(IHostBuilder builder) in /workspaces/PeopleHub/tests/PeopleHub.IntegrationTests/Infrastructure/CustomWebApplicationFactory.cs:line 66
   at Microsoft.AspNetCore.Mvc.Testing.WebApplicationFactory`1.ConfigureHostBuilder(IHostBuilder hostBuilder)
   at Microsoft.AspNetCore.Mvc.Testing.WebApplicationFactory`1.EnsureServer()
   at Microsoft.AspNetCore.Mvc.Testing.WebApplicationFactory`1.get_Services()
   at PeopleHub.IntegrationTests.Infrastructure.CustomWebApplicationFactory.ResetDatabase() in /workspaces/PeopleHub/tests/PeopleHub.IntegrationTests/Infrastructure/CustomWebApplicationFactory.cs:line 75
   at PeopleHub.IntegrationTests.Infrastructure.IntegrationTestBase..ctor(CustomWebApplicationFactory factory) in /workspaces/PeopleHub/tests/PeopleHub.IntegrationTests/Infrastructure/IntegrationTestBase.cs:line 13
   at PeopleHub.IntegrationTests.Providers.ProviderProfileTests..ctor(CustomWebApplicationFactory factory) in /workspaces/PeopleHub/tests/PeopleHub.IntegrationTests/Providers/Profiles/ProviderProfileTests.cs:line 13
   at System.RuntimeMethodHandle.InvokeMethod(Object target, Void** arguments, Signature sig, Boolean isConstructor)
   at System.Reflection.MethodBaseInvoker.InvokeDirectByRefWithFewArgs(Object obj, Span`1 copyOfArgs, BindingFlags invokeAttr)
  Failed PeopleHub.IntegrationTests.Providers.ProviderProfileTests.Create_WhenProfileAlreadyExists_ShouldReturnBadRequest [1 ms]
  Error Message:
   System.InvalidOperationException : Services for database providers 'Microsoft.EntityFrameworkCore.SqlServer', 'Microsoft.EntityFrameworkCore.Sqlite' have been registered in the service provider. Only a single database provider can be registered in a service provider. If possible, ensure that Entity Framework is managing its service provider by removing the call to 'UseInternalServiceProvider'. Otherwise, consider conditionally registering the database provider, or maintaining one service provider per database provider.
  Stack Trace:
     at Microsoft.EntityFrameworkCore.Internal.DbContextServices.Initialize(IServiceProvider scopedProvider, DbContextOptions contextOptions, DbContext context)
   at Microsoft.EntityFrameworkCore.DbContext.get_ContextServices()
   at Microsoft.EntityFrameworkCore.DbContext.get_InternalServiceProvider()
   at Microsoft.EntityFrameworkCore.DbContext.Microsoft.EntityFrameworkCore.Infrastructure.IInfrastructure<System.IServiceProvider>.get_Instance()
   at Microsoft.EntityFrameworkCore.Infrastructure.Internal.InfrastructureExtensions.GetService(IInfrastructure`1 accessor, Type serviceType)
   at Microsoft.EntityFrameworkCore.Infrastructure.Internal.InfrastructureExtensions.GetService[TService](IInfrastructure`1 accessor)
   at Microsoft.EntityFrameworkCore.Infrastructure.AccessorExtensions.GetService[TService](IInfrastructure`1 accessor)
   at Microsoft.EntityFrameworkCore.Infrastructure.DatabaseFacade.get_Dependencies()
   at Microsoft.EntityFrameworkCore.Infrastructure.DatabaseFacade.EnsureDeleted()
   at PeopleHub.IntegrationTests.Infrastructure.CustomWebApplicationFactory.CreateHost(IHostBuilder builder) in /workspaces/PeopleHub/tests/PeopleHub.IntegrationTests/Infrastructure/CustomWebApplicationFactory.cs:line 66
   at Microsoft.AspNetCore.Mvc.Testing.WebApplicationFactory`1.ConfigureHostBuilder(IHostBuilder hostBuilder)
   at Microsoft.AspNetCore.Mvc.Testing.WebApplicationFactory`1.EnsureServer()
   at Microsoft.AspNetCore.Mvc.Testing.WebApplicationFactory`1.get_Services()
   at PeopleHub.IntegrationTests.Infrastructure.CustomWebApplicationFactory.ResetDatabase() in /workspaces/PeopleHub/tests/PeopleHub.IntegrationTests/Infrastructure/CustomWebApplicationFactory.cs:line 75
   at PeopleHub.IntegrationTests.Infrastructure.IntegrationTestBase..ctor(CustomWebApplicationFactory factory) in /workspaces/PeopleHub/tests/PeopleHub.IntegrationTests/Infrastructure/IntegrationTestBase.cs:line 13
   at PeopleHub.IntegrationTests.Providers.ProviderProfileTests..ctor(CustomWebApplicationFactory factory) in /workspaces/PeopleHub/tests/PeopleHub.IntegrationTests/Providers/Profiles/ProviderProfileTests.cs:line 13
   at InvokeStub_ProviderProfileTests..ctor(Object, Span`1)
   at System.Reflection.MethodBaseInvoker.InvokeWithOneArg(Object obj, BindingFlags invokeAttr, Binder binder, Object[] parameters, CultureInfo culture)
  Failed PeopleHub.IntegrationTests.Controllers.ServiceCategoriesControllerTests.Update_ShouldReturnNoContent_AndUpdateCategory [1 ms]
  Error Message:
   System.InvalidOperationException : Services for database providers 'Microsoft.EntityFrameworkCore.SqlServer', 'Microsoft.EntityFrameworkCore.Sqlite' have been registered in the service provider. Only a single database provider can be registered in a service provider. If possible, ensure that Entity Framework is managing its service provider by removing the call to 'UseInternalServiceProvider'. Otherwise, consider conditionally registering the database provider, or maintaining one service provider per database provider.
  Stack Trace:
     at Microsoft.EntityFrameworkCore.Internal.DbContextServices.Initialize(IServiceProvider scopedProvider, DbContextOptions contextOptions, DbContext context)
   at Microsoft.EntityFrameworkCore.DbContext.get_ContextServices()
   at Microsoft.EntityFrameworkCore.DbContext.get_InternalServiceProvider()
   at Microsoft.EntityFrameworkCore.DbContext.Microsoft.EntityFrameworkCore.Infrastructure.IInfrastructure<System.IServiceProvider>.get_Instance()
   at Microsoft.EntityFrameworkCore.Infrastructure.Internal.InfrastructureExtensions.GetService(IInfrastructure`1 accessor, Type serviceType)
   at Microsoft.EntityFrameworkCore.Infrastructure.Internal.InfrastructureExtensions.GetService[TService](IInfrastructure`1 accessor)
   at Microsoft.EntityFrameworkCore.Infrastructure.AccessorExtensions.GetService[TService](IInfrastructure`1 accessor)
   at Microsoft.EntityFrameworkCore.Infrastructure.DatabaseFacade.get_Dependencies()
   at Microsoft.EntityFrameworkCore.Infrastructure.DatabaseFacade.EnsureDeleted()
   at PeopleHub.IntegrationTests.Infrastructure.CustomWebApplicationFactory.CreateHost(IHostBuilder builder) in /workspaces/PeopleHub/tests/PeopleHub.IntegrationTests/Infrastructure/CustomWebApplicationFactory.cs:line 66
   at Microsoft.AspNetCore.Mvc.Testing.WebApplicationFactory`1.ConfigureHostBuilder(IHostBuilder hostBuilder)
   at Microsoft.AspNetCore.Mvc.Testing.WebApplicationFactory`1.EnsureServer()
   at Microsoft.AspNetCore.Mvc.Testing.WebApplicationFactory`1.CreateDefaultClient(DelegatingHandler[] handlers)
   at Microsoft.AspNetCore.Mvc.Testing.WebApplicationFactory`1.CreateDefaultClient(Uri baseAddress, DelegatingHandler[] handlers)
   at Microsoft.AspNetCore.Mvc.Testing.WebApplicationFactory`1.CreateClient(WebApplicationFactoryClientOptions options)
   at Microsoft.AspNetCore.Mvc.Testing.WebApplicationFactory`1.CreateClient()
   at PeopleHub.IntegrationTests.Controllers.ServiceCategoriesControllerTests..ctor(CustomWebApplicationFactory factory, ITestOutputHelper output) in /workspaces/PeopleHub/tests/PeopleHub.IntegrationTests/Providers/ServiceCategories/ServiceCategoriesControllerTests.cs:line 21
   at InvokeStub_ServiceCategoriesControllerTests..ctor(Object, Span`1)
   at System.Reflection.MethodBaseInvoker.InvokeWithFewArgs(Object obj, BindingFlags invokeAttr, Binder binder, Object[] parameters, CultureInfo culture)
  Failed PeopleHub.IntegrationTests.Controllers.ServiceCategoriesControllerTests.GetById_ShouldReturnCreatedCategory [1 ms]
  Error Message:
   System.InvalidOperationException : Services for database providers 'Microsoft.EntityFrameworkCore.SqlServer', 'Microsoft.EntityFrameworkCore.Sqlite' have been registered in the service provider. Only a single database provider can be registered in a service provider. If possible, ensure that Entity Framework is managing its service provider by removing the call to 'UseInternalServiceProvider'. Otherwise, consider conditionally registering the database provider, or maintaining one service provider per database provider.
  Stack Trace:
     at Microsoft.EntityFrameworkCore.Internal.DbContextServices.Initialize(IServiceProvider scopedProvider, DbContextOptions contextOptions, DbContext context)
   at Microsoft.EntityFrameworkCore.DbContext.get_ContextServices()
   at Microsoft.EntityFrameworkCore.DbContext.get_InternalServiceProvider()
   at Microsoft.EntityFrameworkCore.DbContext.Microsoft.EntityFrameworkCore.Infrastructure.IInfrastructure<System.IServiceProvider>.get_Instance()
   at Microsoft.EntityFrameworkCore.Infrastructure.Internal.InfrastructureExtensions.GetService(IInfrastructure`1 accessor, Type serviceType)
   at Microsoft.EntityFrameworkCore.Infrastructure.Internal.InfrastructureExtensions.GetService[TService](IInfrastructure`1 accessor)
   at Microsoft.EntityFrameworkCore.Infrastructure.AccessorExtensions.GetService[TService](IInfrastructure`1 accessor)
   at Microsoft.EntityFrameworkCore.Infrastructure.DatabaseFacade.get_Dependencies()
   at Microsoft.EntityFrameworkCore.Infrastructure.DatabaseFacade.EnsureDeleted()
   at PeopleHub.IntegrationTests.Infrastructure.CustomWebApplicationFactory.CreateHost(IHostBuilder builder) in /workspaces/PeopleHub/tests/PeopleHub.IntegrationTests/Infrastructure/CustomWebApplicationFactory.cs:line 66
   at Microsoft.AspNetCore.Mvc.Testing.WebApplicationFactory`1.ConfigureHostBuilder(IHostBuilder hostBuilder)
   at Microsoft.AspNetCore.Mvc.Testing.WebApplicationFactory`1.EnsureServer()
   at Microsoft.AspNetCore.Mvc.Testing.WebApplicationFactory`1.CreateDefaultClient(DelegatingHandler[] handlers)
   at Microsoft.AspNetCore.Mvc.Testing.WebApplicationFactory`1.CreateDefaultClient(Uri baseAddress, DelegatingHandler[] handlers)
   at Microsoft.AspNetCore.Mvc.Testing.WebApplicationFactory`1.CreateClient(WebApplicationFactoryClientOptions options)
   at Microsoft.AspNetCore.Mvc.Testing.WebApplicationFactory`1.CreateClient()
   at PeopleHub.IntegrationTests.Controllers.ServiceCategoriesControllerTests..ctor(CustomWebApplicationFactory factory, ITestOutputHelper output) in /workspaces/PeopleHub/tests/PeopleHub.IntegrationTests/Providers/ServiceCategories/ServiceCategoriesControllerTests.cs:line 21
   at InvokeStub_ServiceCategoriesControllerTests..ctor(Object, Span`1)
   at System.Reflection.MethodBaseInvoker.InvokeWithFewArgs(Object obj, BindingFlags invokeAttr, Binder binder, Object[] parameters, CultureInfo culture)
  Failed PeopleHub.IntegrationTests.Providers.ProviderProfileTests.Get_WhenProfileDoesNotExist_ShouldReturnNotFound [1 ms]
  Error Message:
   System.InvalidOperationException : Services for database providers 'Microsoft.EntityFrameworkCore.SqlServer', 'Microsoft.EntityFrameworkCore.Sqlite' have been registered in the service provider. Only a single database provider can be registered in a service provider. If possible, ensure that Entity Framework is managing its service provider by removing the call to 'UseInternalServiceProvider'. Otherwise, consider conditionally registering the database provider, or maintaining one service provider per database provider.
  Stack Trace:
     at Microsoft.EntityFrameworkCore.Internal.DbContextServices.Initialize(IServiceProvider scopedProvider, DbContextOptions contextOptions, DbContext context)
   at Microsoft.EntityFrameworkCore.DbContext.get_ContextServices()
   at Microsoft.EntityFrameworkCore.DbContext.get_InternalServiceProvider()
   at Microsoft.EntityFrameworkCore.DbContext.Microsoft.EntityFrameworkCore.Infrastructure.IInfrastructure<System.IServiceProvider>.get_Instance()
   at Microsoft.EntityFrameworkCore.Infrastructure.Internal.InfrastructureExtensions.GetService(IInfrastructure`1 accessor, Type serviceType)
   at Microsoft.EntityFrameworkCore.Infrastructure.Internal.InfrastructureExtensions.GetService[TService](IInfrastructure`1 accessor)
   at Microsoft.EntityFrameworkCore.Infrastructure.AccessorExtensions.GetService[TService](IInfrastructure`1 accessor)
   at Microsoft.EntityFrameworkCore.Infrastructure.DatabaseFacade.get_Dependencies()
   at Microsoft.EntityFrameworkCore.Infrastructure.DatabaseFacade.EnsureDeleted()
   at PeopleHub.IntegrationTests.Infrastructure.CustomWebApplicationFactory.CreateHost(IHostBuilder builder) in /workspaces/PeopleHub/tests/PeopleHub.IntegrationTests/Infrastructure/CustomWebApplicationFactory.cs:line 66
   at Microsoft.AspNetCore.Mvc.Testing.WebApplicationFactory`1.ConfigureHostBuilder(IHostBuilder hostBuilder)
   at Microsoft.AspNetCore.Mvc.Testing.WebApplicationFactory`1.EnsureServer()
   at Microsoft.AspNetCore.Mvc.Testing.WebApplicationFactory`1.get_Services()
   at PeopleHub.IntegrationTests.Infrastructure.CustomWebApplicationFactory.ResetDatabase() in /workspaces/PeopleHub/tests/PeopleHub.IntegrationTests/Infrastructure/CustomWebApplicationFactory.cs:line 75
   at PeopleHub.IntegrationTests.Infrastructure.IntegrationTestBase..ctor(CustomWebApplicationFactory factory) in /workspaces/PeopleHub/tests/PeopleHub.IntegrationTests/Infrastructure/IntegrationTestBase.cs:line 13
   at PeopleHub.IntegrationTests.Providers.ProviderProfileTests..ctor(CustomWebApplicationFactory factory) in /workspaces/PeopleHub/tests/PeopleHub.IntegrationTests/Providers/Profiles/ProviderProfileTests.cs:line 13
   at InvokeStub_ProviderProfileTests..ctor(Object, Span`1)
   at System.Reflection.MethodBaseInvoker.InvokeWithOneArg(Object obj, BindingFlags invokeAttr, Binder binder, Object[] parameters, CultureInfo culture)
[xUnit.net 00:00:03.89]     PeopleHub.IntegrationTests.Controllers.ProviderVerificationControllerTests.Delete_WhenVerificationDoesNotExist_ShouldReturnNotFound [FAIL]
[xUnit.net 00:00:03.93]     PeopleHub.IntegrationTests.Controllers.ProviderVerificationControllerTests.Get_ShouldReturnVerification [FAIL]
[xUnit.net 00:00:03.99]     PeopleHub.IntegrationTests.Controllers.ProviderVerificationControllerTests.Create_ShouldReturnCreated [FAIL]
[xUnit.net 00:00:04.05]     PeopleHub.IntegrationTests.Controllers.ProviderVerificationControllerTests.Create_WhenVerificationAlreadyExists_ShouldReturnBadRequest [FAIL]
[xUnit.net 00:00:04.08]     PeopleHub.IntegrationTests.Providers.ProviderProfileTests.Create_ThenGet_ShouldReturnProviderProfile [FAIL]
[xUnit.net 00:00:04.19]     PeopleHub.IntegrationTests.Controllers.ProviderVerificationControllerTests.Delete_ShouldReturnNoContent [FAIL]
[xUnit.net 00:00:04.21]     PeopleHub.IntegrationTests.Providers.ProviderProfileTests.Delete_ShouldRemoveProviderProfile [FAIL]
[xUnit.net 00:00:04.27]     PeopleHub.IntegrationTests.Providers.ProviderProfileTests.Create_ShouldReturnCreated [FAIL]
  Failed PeopleHub.IntegrationTests.Controllers.ProviderVerificationControllerTests.Delete_WhenVerificationDoesNotExist_ShouldReturnNotFound [1 ms]
  Error Message:
   System.InvalidOperationException : Services for database providers 'Microsoft.EntityFrameworkCore.SqlServer', 'Microsoft.EntityFrameworkCore.Sqlite' have been registered in the service provider. Only a single database provider can be registered in a service provider. If possible, ensure that Entity Framework is managing its service provider by removing the call to 'UseInternalServiceProvider'. Otherwise, consider conditionally registering the database provider, or maintaining one service provider per database provider.
  Stack Trace:
     at Microsoft.EntityFrameworkCore.Internal.DbContextServices.Initialize(IServiceProvider scopedProvider, DbContextOptions contextOptions, DbContext context)
   at Microsoft.EntityFrameworkCore.DbContext.get_ContextServices()
   at Microsoft.EntityFrameworkCore.DbContext.get_InternalServiceProvider()
   at Microsoft.EntityFrameworkCore.DbContext.Microsoft.EntityFrameworkCore.Infrastructure.IInfrastructure<System.IServiceProvider>.get_Instance()
   at Microsoft.EntityFrameworkCore.Infrastructure.Internal.InfrastructureExtensions.GetService(IInfrastructure`1 accessor, Type serviceType)
   at Microsoft.EntityFrameworkCore.Infrastructure.Internal.InfrastructureExtensions.GetService[TService](IInfrastructure`1 accessor)
   at Microsoft.EntityFrameworkCore.Infrastructure.AccessorExtensions.GetService[TService](IInfrastructure`1 accessor)
   at Microsoft.EntityFrameworkCore.Infrastructure.DatabaseFacade.get_Dependencies()
   at Microsoft.EntityFrameworkCore.Infrastructure.DatabaseFacade.EnsureDeleted()
   at PeopleHub.IntegrationTests.Infrastructure.CustomWebApplicationFactory.CreateHost(IHostBuilder builder) in /workspaces/PeopleHub/tests/PeopleHub.IntegrationTests/Infrastructure/CustomWebApplicationFactory.cs:line 66
   at Microsoft.AspNetCore.Mvc.Testing.WebApplicationFactory`1.ConfigureHostBuilder(IHostBuilder hostBuilder)
   at Microsoft.AspNetCore.Mvc.Testing.WebApplicationFactory`1.EnsureServer()
   at Microsoft.AspNetCore.Mvc.Testing.WebApplicationFactory`1.get_Services()
   at PeopleHub.IntegrationTests.Infrastructure.CustomWebApplicationFactory.ResetDatabase() in /workspaces/PeopleHub/tests/PeopleHub.IntegrationTests/Infrastructure/CustomWebApplicationFactory.cs:line 75
   at PeopleHub.IntegrationTests.Controllers.ProviderVerificationControllerTests..ctor(CustomWebApplicationFactory factory, ITestOutputHelper output) in /workspaces/PeopleHub/tests/PeopleHub.IntegrationTests/Providers/Verification/ProviderVerificationControllerTests.cs:line 21
   at System.RuntimeMethodHandle.InvokeMethod(Object target, Void** arguments, Signature sig, Boolean isConstructor)
   at System.Reflection.MethodBaseInvoker.InvokeDirectByRefWithFewArgs(Object obj, Span`1 copyOfArgs, BindingFlags invokeAttr)
  Failed PeopleHub.IntegrationTests.Controllers.ProviderVerificationControllerTests.Get_ShouldReturnVerification [1 ms]
  Error Message:
   System.InvalidOperationException : Services for database providers 'Microsoft.EntityFrameworkCore.SqlServer', 'Microsoft.EntityFrameworkCore.Sqlite' have been registered in the service provider. Only a single database provider can be registered in a service provider. If possible, ensure that Entity Framework is managing its service provider by removing the call to 'UseInternalServiceProvider'. Otherwise, consider conditionally registering the database provider, or maintaining one service provider per database provider.
  Stack Trace:
     at Microsoft.EntityFrameworkCore.Internal.DbContextServices.Initialize(IServiceProvider scopedProvider, DbContextOptions contextOptions, DbContext context)
   at Microsoft.EntityFrameworkCore.DbContext.get_ContextServices()
   at Microsoft.EntityFrameworkCore.DbContext.get_InternalServiceProvider()
   at Microsoft.EntityFrameworkCore.DbContext.Microsoft.EntityFrameworkCore.Infrastructure.IInfrastructure<System.IServiceProvider>.get_Instance()
   at Microsoft.EntityFrameworkCore.Infrastructure.Internal.InfrastructureExtensions.GetService(IInfrastructure`1 accessor, Type serviceType)
   at Microsoft.EntityFrameworkCore.Infrastructure.Internal.InfrastructureExtensions.GetService[TService](IInfrastructure`1 accessor)
   at Microsoft.EntityFrameworkCore.Infrastructure.AccessorExtensions.GetService[TService](IInfrastructure`1 accessor)
   at Microsoft.EntityFrameworkCore.Infrastructure.DatabaseFacade.get_Dependencies()
   at Microsoft.EntityFrameworkCore.Infrastructure.DatabaseFacade.EnsureDeleted()
   at PeopleHub.IntegrationTests.Infrastructure.CustomWebApplicationFactory.CreateHost(IHostBuilder builder) in /workspaces/PeopleHub/tests/PeopleHub.IntegrationTests/Infrastructure/CustomWebApplicationFactory.cs:line 66
   at Microsoft.AspNetCore.Mvc.Testing.WebApplicationFactory`1.ConfigureHostBuilder(IHostBuilder hostBuilder)
   at Microsoft.AspNetCore.Mvc.Testing.WebApplicationFactory`1.EnsureServer()
   at Microsoft.AspNetCore.Mvc.Testing.WebApplicationFactory`1.get_Services()
   at PeopleHub.IntegrationTests.Infrastructure.CustomWebApplicationFactory.ResetDatabase() in /workspaces/PeopleHub/tests/PeopleHub.IntegrationTests/Infrastructure/CustomWebApplicationFactory.cs:line 75
   at PeopleHub.IntegrationTests.Controllers.ProviderVerificationControllerTests..ctor(CustomWebApplicationFactory factory, ITestOutputHelper output) in /workspaces/PeopleHub/tests/PeopleHub.IntegrationTests/Providers/Verification/ProviderVerificationControllerTests.cs:line 21
   at InvokeStub_ProviderVerificationControllerTests..ctor(Object, Span`1)
   at System.Reflection.MethodBaseInvoker.InvokeWithFewArgs(Object obj, BindingFlags invokeAttr, Binder binder, Object[] parameters, CultureInfo culture)
  Failed PeopleHub.IntegrationTests.Controllers.ProviderVerificationControllerTests.Create_ShouldReturnCreated [1 ms]
  Error Message:
   System.InvalidOperationException : Services for database providers 'Microsoft.EntityFrameworkCore.SqlServer', 'Microsoft.EntityFrameworkCore.Sqlite' have been registered in the service provider. Only a single database provider can be registered in a service provider. If possible, ensure that Entity Framework is managing its service provider by removing the call to 'UseInternalServiceProvider'. Otherwise, consider conditionally registering the database provider, or maintaining one service provider per database provider.
  Stack Trace:
     at Microsoft.EntityFrameworkCore.Internal.DbContextServices.Initialize(IServiceProvider scopedProvider, DbContextOptions contextOptions, DbContext context)
   at Microsoft.EntityFrameworkCore.DbContext.get_ContextServices()
   at Microsoft.EntityFrameworkCore.DbContext.get_InternalServiceProvider()
   at Microsoft.EntityFrameworkCore.DbContext.Microsoft.EntityFrameworkCore.Infrastructure.IInfrastructure<System.IServiceProvider>.get_Instance()
   at Microsoft.EntityFrameworkCore.Infrastructure.Internal.InfrastructureExtensions.GetService(IInfrastructure`1 accessor, Type serviceType)
   at Microsoft.EntityFrameworkCore.Infrastructure.Internal.InfrastructureExtensions.GetService[TService](IInfrastructure`1 accessor)
   at Microsoft.EntityFrameworkCore.Infrastructure.AccessorExtensions.GetService[TService](IInfrastructure`1 accessor)
   at Microsoft.EntityFrameworkCore.Infrastructure.DatabaseFacade.get_Dependencies()
   at Microsoft.EntityFrameworkCore.Infrastructure.DatabaseFacade.EnsureDeleted()
   at PeopleHub.IntegrationTests.Infrastructure.CustomWebApplicationFactory.CreateHost(IHostBuilder builder) in /workspaces/PeopleHub/tests/PeopleHub.IntegrationTests/Infrastructure/CustomWebApplicationFactory.cs:line 66
   at Microsoft.AspNetCore.Mvc.Testing.WebApplicationFactory`1.ConfigureHostBuilder(IHostBuilder hostBuilder)
   at Microsoft.AspNetCore.Mvc.Testing.WebApplicationFactory`1.EnsureServer()
   at Microsoft.AspNetCore.Mvc.Testing.WebApplicationFactory`1.get_Services()
   at PeopleHub.IntegrationTests.Infrastructure.CustomWebApplicationFactory.ResetDatabase() in /workspaces/PeopleHub/tests/PeopleHub.IntegrationTests/Infrastructure/CustomWebApplicationFactory.cs:line 75
   at PeopleHub.IntegrationTests.Controllers.ProviderVerificationControllerTests..ctor(CustomWebApplicationFactory factory, ITestOutputHelper output) in /workspaces/PeopleHub/tests/PeopleHub.IntegrationTests/Providers/Verification/ProviderVerificationControllerTests.cs:line 21
   at InvokeStub_ProviderVerificationControllerTests..ctor(Object, Span`1)
   at System.Reflection.MethodBaseInvoker.InvokeWithFewArgs(Object obj, BindingFlags invokeAttr, Binder binder, Object[] parameters, CultureInfo culture)
  Failed PeopleHub.IntegrationTests.Controllers.ProviderVerificationControllerTests.Create_WhenVerificationAlreadyExists_ShouldReturnBadRequest [1 ms]
  Error Message:
   System.InvalidOperationException : Services for database providers 'Microsoft.EntityFrameworkCore.SqlServer', 'Microsoft.EntityFrameworkCore.Sqlite' have been registered in the service provider. Only a single database provider can be registered in a service provider. If possible, ensure that Entity Framework is managing its service provider by removing the call to 'UseInternalServiceProvider'. Otherwise, consider conditionally registering the database provider, or maintaining one service provider per database provider.
  Stack Trace:
     at Microsoft.EntityFrameworkCore.Internal.DbContextServices.Initialize(IServiceProvider scopedProvider, DbContextOptions contextOptions, DbContext context)
   at Microsoft.EntityFrameworkCore.DbContext.get_ContextServices()
   at Microsoft.EntityFrameworkCore.DbContext.get_InternalServiceProvider()
   at Microsoft.EntityFrameworkCore.DbContext.Microsoft.EntityFrameworkCore.Infrastructure.IInfrastructure<System.IServiceProvider>.get_Instance()
   at Microsoft.EntityFrameworkCore.Infrastructure.Internal.InfrastructureExtensions.GetService(IInfrastructure`1 accessor, Type serviceType)
   at Microsoft.EntityFrameworkCore.Infrastructure.Internal.InfrastructureExtensions.GetService[TService](IInfrastructure`1 accessor)
   at Microsoft.EntityFrameworkCore.Infrastructure.AccessorExtensions.GetService[TService](IInfrastructure`1 accessor)
   at Microsoft.EntityFrameworkCore.Infrastructure.DatabaseFacade.get_Dependencies()
   at Microsoft.EntityFrameworkCore.Infrastructure.DatabaseFacade.EnsureDeleted()
   at PeopleHub.IntegrationTests.Infrastructure.CustomWebApplicationFactory.CreateHost(IHostBuilder builder) in /workspaces/PeopleHub/tests/PeopleHub.IntegrationTests/Infrastructure/CustomWebApplicationFactory.cs:line 66
   at Microsoft.AspNetCore.Mvc.Testing.WebApplicationFactory`1.ConfigureHostBuilder(IHostBuilder hostBuilder)
   at Microsoft.AspNetCore.Mvc.Testing.WebApplicationFactory`1.EnsureServer()
   at Microsoft.AspNetCore.Mvc.Testing.WebApplicationFactory`1.get_Services()
   at PeopleHub.IntegrationTests.Infrastructure.CustomWebApplicationFactory.ResetDatabase() in /workspaces/PeopleHub/tests/PeopleHub.IntegrationTests/Infrastructure/CustomWebApplicationFactory.cs:line 75
   at PeopleHub.IntegrationTests.Controllers.ProviderVerificationControllerTests..ctor(CustomWebApplicationFactory factory, ITestOutputHelper output) in /workspaces/PeopleHub/tests/PeopleHub.IntegrationTests/Providers/Verification/ProviderVerificationControllerTests.cs:line 21
   at InvokeStub_ProviderVerificationControllerTests..ctor(Object, Span`1)
   at System.Reflection.MethodBaseInvoker.InvokeWithFewArgs(Object obj, BindingFlags invokeAttr, Binder binder, Object[] parameters, CultureInfo culture)
  Failed PeopleHub.IntegrationTests.Providers.ProviderProfileTests.Create_ThenGet_ShouldReturnProviderProfile [1 ms]
  Error Message:
   System.InvalidOperationException : Services for database providers 'Microsoft.EntityFrameworkCore.SqlServer', 'Microsoft.EntityFrameworkCore.Sqlite' have been registered in the service provider. Only a single database provider can be registered in a service provider. If possible, ensure that Entity Framework is managing its service provider by removing the call to 'UseInternalServiceProvider'. Otherwise, consider conditionally registering the database provider, or maintaining one service provider per database provider.
  Stack Trace:
     at Microsoft.EntityFrameworkCore.Internal.DbContextServices.Initialize(IServiceProvider scopedProvider, DbContextOptions contextOptions, DbContext context)
   at Microsoft.EntityFrameworkCore.DbContext.get_ContextServices()
   at Microsoft.EntityFrameworkCore.DbContext.get_InternalServiceProvider()
   at Microsoft.EntityFrameworkCore.DbContext.Microsoft.EntityFrameworkCore.Infrastructure.IInfrastructure<System.IServiceProvider>.get_Instance()
   at Microsoft.EntityFrameworkCore.Infrastructure.Internal.InfrastructureExtensions.GetService(IInfrastructure`1 accessor, Type serviceType)
   at Microsoft.EntityFrameworkCore.Infrastructure.Internal.InfrastructureExtensions.GetService[TService](IInfrastructure`1 accessor)
   at Microsoft.EntityFrameworkCore.Infrastructure.AccessorExtensions.GetService[TService](IInfrastructure`1 accessor)
   at Microsoft.EntityFrameworkCore.Infrastructure.DatabaseFacade.get_Dependencies()
   at Microsoft.EntityFrameworkCore.Infrastructure.DatabaseFacade.EnsureDeleted()
   at PeopleHub.IntegrationTests.Infrastructure.CustomWebApplicationFactory.CreateHost(IHostBuilder builder) in /workspaces/PeopleHub/tests/PeopleHub.IntegrationTests/Infrastructure/CustomWebApplicationFactory.cs:line 66
   at Microsoft.AspNetCore.Mvc.Testing.WebApplicationFactory`1.ConfigureHostBuilder(IHostBuilder hostBuilder)
   at Microsoft.AspNetCore.Mvc.Testing.WebApplicationFactory`1.EnsureServer()
   at Microsoft.AspNetCore.Mvc.Testing.WebApplicationFactory`1.get_Services()
   at PeopleHub.IntegrationTests.Infrastructure.CustomWebApplicationFactory.ResetDatabase() in /workspaces/PeopleHub/tests/PeopleHub.IntegrationTests/Infrastructure/CustomWebApplicationFactory.cs:line 75
   at PeopleHub.IntegrationTests.Infrastructure.IntegrationTestBase..ctor(CustomWebApplicationFactory factory) in /workspaces/PeopleHub/tests/PeopleHub.IntegrationTests/Infrastructure/IntegrationTestBase.cs:line 13
   at PeopleHub.IntegrationTests.Providers.ProviderProfileTests..ctor(CustomWebApplicationFactory factory) in /workspaces/PeopleHub/tests/PeopleHub.IntegrationTests/Providers/Profiles/ProviderProfileTests.cs:line 13
   at InvokeStub_ProviderProfileTests..ctor(Object, Span`1)
   at System.Reflection.MethodBaseInvoker.InvokeWithOneArg(Object obj, BindingFlags invokeAttr, Binder binder, Object[] parameters, CultureInfo culture)
  Failed PeopleHub.IntegrationTests.Controllers.ProviderVerificationControllerTests.Delete_ShouldReturnNoContent [1 ms]
  Error Message:
   System.InvalidOperationException : Services for database providers 'Microsoft.EntityFrameworkCore.SqlServer', 'Microsoft.EntityFrameworkCore.Sqlite' have been registered in the service provider. Only a single database provider can be registered in a service provider. If possible, ensure that Entity Framework is managing its service provider by removing the call to 'UseInternalServiceProvider'. Otherwise, consider conditionally registering the database provider, or maintaining one service provider per database provider.
  Stack Trace:
     at Microsoft.EntityFrameworkCore.Internal.DbContextServices.Initialize(IServiceProvider scopedProvider, DbContextOptions contextOptions, DbContext context)
   at Microsoft.EntityFrameworkCore.DbContext.get_ContextServices()
   at Microsoft.EntityFrameworkCore.DbContext.get_InternalServiceProvider()
   at Microsoft.EntityFrameworkCore.DbContext.Microsoft.EntityFrameworkCore.Infrastructure.IInfrastructure<System.IServiceProvider>.get_Instance()
   at Microsoft.EntityFrameworkCore.Infrastructure.Internal.InfrastructureExtensions.GetService(IInfrastructure`1 accessor, Type serviceType)
   at Microsoft.EntityFrameworkCore.Infrastructure.Internal.InfrastructureExtensions.GetService[TService](IInfrastructure`1 accessor)
   at Microsoft.EntityFrameworkCore.Infrastructure.AccessorExtensions.GetService[TService](IInfrastructure`1 accessor)
   at Microsoft.EntityFrameworkCore.Infrastructure.DatabaseFacade.get_Dependencies()
   at Microsoft.EntityFrameworkCore.Infrastructure.DatabaseFacade.EnsureDeleted()
   at PeopleHub.IntegrationTests.Infrastructure.CustomWebApplicationFactory.CreateHost(IHostBuilder builder) in /workspaces/PeopleHub/tests/PeopleHub.IntegrationTests/Infrastructure/CustomWebApplicationFactory.cs:line 66
   at Microsoft.AspNetCore.Mvc.Testing.WebApplicationFactory`1.ConfigureHostBuilder(IHostBuilder hostBuilder)
   at Microsoft.AspNetCore.Mvc.Testing.WebApplicationFactory`1.EnsureServer()
   at Microsoft.AspNetCore.Mvc.Testing.WebApplicationFactory`1.get_Services()
   at PeopleHub.IntegrationTests.Infrastructure.CustomWebApplicationFactory.ResetDatabase() in /workspaces/PeopleHub/tests/PeopleHub.IntegrationTests/Infrastructure/CustomWebApplicationFactory.cs:line 75
   at PeopleHub.IntegrationTests.Controllers.ProviderVerificationControllerTests..ctor(CustomWebApplicationFactory factory, ITestOutputHelper output) in /workspaces/PeopleHub/tests/PeopleHub.IntegrationTests/Providers/Verification/ProviderVerificationControllerTests.cs:line 21
   at InvokeStub_ProviderVerificationControllerTests..ctor(Object, Span`1)
   at System.Reflection.MethodBaseInvoker.InvokeWithFewArgs(Object obj, BindingFlags invokeAttr, Binder binder, Object[] parameters, CultureInfo culture)
  Failed PeopleHub.IntegrationTests.Providers.ProviderProfileTests.Delete_ShouldRemoveProviderProfile [1 ms]
  Error Message:
   System.InvalidOperationException : Services for database providers 'Microsoft.EntityFrameworkCore.SqlServer', 'Microsoft.EntityFrameworkCore.Sqlite' have been registered in the service provider. Only a single database provider can be registered in a service provider. If possible, ensure that Entity Framework is managing its service provider by removing the call to 'UseInternalServiceProvider'. Otherwise, consider conditionally registering the database provider, or maintaining one service provider per database provider.
  Stack Trace:
     at Microsoft.EntityFrameworkCore.Internal.DbContextServices.Initialize(IServiceProvider scopedProvider, DbContextOptions contextOptions, DbContext context)
   at Microsoft.EntityFrameworkCore.DbContext.get_ContextServices()
   at Microsoft.EntityFrameworkCore.DbContext.get_InternalServiceProvider()
   at Microsoft.EntityFrameworkCore.DbContext.Microsoft.EntityFrameworkCore.Infrastructure.IInfrastructure<System.IServiceProvider>.get_Instance()
   at Microsoft.EntityFrameworkCore.Infrastructure.Internal.InfrastructureExtensions.GetService(IInfrastructure`1 accessor, Type serviceType)
   at Microsoft.EntityFrameworkCore.Infrastructure.Internal.InfrastructureExtensions.GetService[TService](IInfrastructure`1 accessor)
   at Microsoft.EntityFrameworkCore.Infrastructure.AccessorExtensions.GetService[TService](IInfrastructure`1 accessor)
   at Microsoft.EntityFrameworkCore.Infrastructure.DatabaseFacade.get_Dependencies()
   at Microsoft.EntityFrameworkCore.Infrastructure.DatabaseFacade.EnsureDeleted()
   at PeopleHub.IntegrationTests.Infrastructure.CustomWebApplicationFactory.CreateHost(IHostBuilder builder) in /workspaces/PeopleHub/tests/PeopleHub.IntegrationTests/Infrastructure/CustomWebApplicationFactory.cs:line 66
   at Microsoft.AspNetCore.Mvc.Testing.WebApplicationFactory`1.ConfigureHostBuilder(IHostBuilder hostBuilder)
   at Microsoft.AspNetCore.Mvc.Testing.WebApplicationFactory`1.EnsureServer()
   at Microsoft.AspNetCore.Mvc.Testing.WebApplicationFactory`1.get_Services()
   at PeopleHub.IntegrationTests.Infrastructure.CustomWebApplicationFactory.ResetDatabase() in /workspaces/PeopleHub/tests/PeopleHub.IntegrationTests/Infrastructure/CustomWebApplicationFactory.cs:line 75
   at PeopleHub.IntegrationTests.Infrastructure.IntegrationTestBase..ctor(CustomWebApplicationFactory factory) in /workspaces/PeopleHub/tests/PeopleHub.IntegrationTests/Infrastructure/IntegrationTestBase.cs:line 13
   at PeopleHub.IntegrationTests.Providers.ProviderProfileTests..ctor(CustomWebApplicationFactory factory) in /workspaces/PeopleHub/tests/PeopleHub.IntegrationTests/Providers/Profiles/ProviderProfileTests.cs:line 13
   at InvokeStub_ProviderProfileTests..ctor(Object, Span`1)
   at System.Reflection.MethodBaseInvoker.InvokeWithOneArg(Object obj, BindingFlags invokeAttr, Binder binder, Object[] parameters, CultureInfo culture)
  Failed PeopleHub.IntegrationTests.Providers.ProviderProfileTests.Create_ShouldReturnCreated [1 ms]
  Error Message:
   System.InvalidOperationException : Services for database providers 'Microsoft.EntityFrameworkCore.SqlServer', 'Microsoft.EntityFrameworkCore.Sqlite' have been registered in the service provider. Only a single database provider can be registered in a service provider. If possible, ensure that Entity Framework is managing its service provider by removing the call to 'UseInternalServiceProvider'. Otherwise, consider conditionally registering the database provider, or maintaining one service provider per database provider.
  Stack Trace:
     at Microsoft.EntityFrameworkCore.Internal.DbContextServices.Initialize(IServiceProvider scopedProvider, DbContextOptions contextOptions, DbContext context)
   at Microsoft.EntityFrameworkCore.DbContext.get_ContextServices()
   at Microsoft.EntityFrameworkCore.DbContext.get_InternalServiceProvider()
   at Microsoft.EntityFrameworkCore.DbContext.Microsoft.EntityFrameworkCore.Infrastructure.IInfrastructure<System.IServiceProvider>.get_Instance()
   at Microsoft.EntityFrameworkCore.Infrastructure.Internal.InfrastructureExtensions.GetService(IInfrastructure`1 accessor, Type serviceType)
   at Microsoft.EntityFrameworkCore.Infrastructure.Internal.InfrastructureExtensions.GetService[TService](IInfrastructure`1 accessor)
   at Microsoft.EntityFrameworkCore.Infrastructure.AccessorExtensions.GetService[TService](IInfrastructure`1 accessor)
   at Microsoft.EntityFrameworkCore.Infrastructure.DatabaseFacade.get_Dependencies()
   at Microsoft.EntityFrameworkCore.Infrastructure.DatabaseFacade.EnsureDeleted()
   at PeopleHub.IntegrationTests.Infrastructure.CustomWebApplicationFactory.CreateHost(IHostBuilder builder) in /workspaces/PeopleHub/tests/PeopleHub.IntegrationTests/Infrastructure/CustomWebApplicationFactory.cs:line 66
   at Microsoft.AspNetCore.Mvc.Testing.WebApplicationFactory`1.ConfigureHostBuilder(IHostBuilder hostBuilder)
   at Microsoft.AspNetCore.Mvc.Testing.WebApplicationFactory`1.EnsureServer()
   at Microsoft.AspNetCore.Mvc.Testing.WebApplicationFactory`1.get_Services()
   at PeopleHub.IntegrationTests.Infrastructure.CustomWebApplicationFactory.ResetDatabase() in /workspaces/PeopleHub/tests/PeopleHub.IntegrationTests/Infrastructure/CustomWebApplicationFactory.cs:line 75
   at PeopleHub.IntegrationTests.Infrastructure.IntegrationTestBase..ctor(CustomWebApplicationFactory factory) in /workspaces/PeopleHub/tests/PeopleHub.IntegrationTests/Infrastructure/IntegrationTestBase.cs:line 13
   at PeopleHub.IntegrationTests.Providers.ProviderProfileTests..ctor(CustomWebApplicationFactory factory) in /workspaces/PeopleHub/tests/PeopleHub.IntegrationTests/Providers/Profiles/ProviderProfileTests.cs:line 13
   at InvokeStub_ProviderProfileTests..ctor(Object, Span`1)
   at System.Reflection.MethodBaseInvoker.InvokeWithOneArg(Object obj, BindingFlags invokeAttr, Binder binder, Object[] parameters, CultureInfo culture)
[xUnit.net 00:00:04.46]     PeopleHub.IntegrationTests.Users.GetUsersTests.GetUsers_WithoutAuthentication_ShouldReturnUnauthorized [FAIL]
[xUnit.net 00:00:04.66]     PeopleHub.IntegrationTests.Controllers.ProviderVerificationControllerTests.Get_WhenVerificationDoesNotExist_ShouldReturnNotFound [FAIL]
[xUnit.net 00:00:04.66]     PeopleHub.IntegrationTests.Controllers.ProviderProfilesControllerTests.Create_WhenProfileAlreadyExists_ShouldReturnBadRequest [FAIL]
[xUnit.net 00:00:04.73]     PeopleHub.IntegrationTests.Controllers.ProviderProfilesControllerTests.Get_ShouldReturnCreatedProfile [FAIL]
[xUnit.net 00:00:04.77]     PeopleHub.IntegrationTests.Controllers.ProviderProfilesControllerTests.Create_ShouldReturnCreated [FAIL]
[xUnit.net 00:00:04.84]     PeopleHub.IntegrationTests.Controllers.ProviderProfilesControllerTests.Update_ShouldReturnUpdatedProfile [FAIL]
[xUnit.net 00:00:04.86]     PeopleHub.IntegrationTests.Controllers.ProviderProfilesControllerTests.Get_WhenProfileDoesNotExist_ShouldReturnNotFound [FAIL]
[xUnit.net 00:00:04.90]     PeopleHub.IntegrationTests.Controllers.ProviderProfilesControllerTests.Delete_ShouldRemoveProfile [FAIL]
  Failed PeopleHub.IntegrationTests.Users.GetUsersTests.GetUsers_WithoutAuthentication_ShouldReturnUnauthorized [1 ms]
  Error Message:
   System.InvalidOperationException : Services for database providers 'Microsoft.EntityFrameworkCore.SqlServer', 'Microsoft.EntityFrameworkCore.Sqlite' have been registered in the service provider. Only a single database provider can be registered in a service provider. If possible, ensure that Entity Framework is managing its service provider by removing the call to 'UseInternalServiceProvider'. Otherwise, consider conditionally registering the database provider, or maintaining one service provider per database provider.
  Stack Trace:
     at Microsoft.EntityFrameworkCore.Internal.DbContextServices.Initialize(IServiceProvider scopedProvider, DbContextOptions contextOptions, DbContext context)
   at Microsoft.EntityFrameworkCore.DbContext.get_ContextServices()
   at Microsoft.EntityFrameworkCore.DbContext.get_InternalServiceProvider()
   at Microsoft.EntityFrameworkCore.DbContext.Microsoft.EntityFrameworkCore.Infrastructure.IInfrastructure<System.IServiceProvider>.get_Instance()
   at Microsoft.EntityFrameworkCore.Infrastructure.Internal.InfrastructureExtensions.GetService(IInfrastructure`1 accessor, Type serviceType)
   at Microsoft.EntityFrameworkCore.Infrastructure.Internal.InfrastructureExtensions.GetService[TService](IInfrastructure`1 accessor)
   at Microsoft.EntityFrameworkCore.Infrastructure.AccessorExtensions.GetService[TService](IInfrastructure`1 accessor)
   at Microsoft.EntityFrameworkCore.Infrastructure.DatabaseFacade.get_Dependencies()
   at Microsoft.EntityFrameworkCore.Infrastructure.DatabaseFacade.EnsureDeleted()
   at PeopleHub.IntegrationTests.Infrastructure.CustomWebApplicationFactory.CreateHost(IHostBuilder builder) in /workspaces/PeopleHub/tests/PeopleHub.IntegrationTests/Infrastructure/CustomWebApplicationFactory.cs:line 66
   at Microsoft.AspNetCore.Mvc.Testing.WebApplicationFactory`1.ConfigureHostBuilder(IHostBuilder hostBuilder)
   at Microsoft.AspNetCore.Mvc.Testing.WebApplicationFactory`1.EnsureServer()
   at Microsoft.AspNetCore.Mvc.Testing.WebApplicationFactory`1.CreateDefaultClient(DelegatingHandler[] handlers)
   at Microsoft.AspNetCore.Mvc.Testing.WebApplicationFactory`1.CreateDefaultClient(Uri baseAddress, DelegatingHandler[] handlers)
   at Microsoft.AspNetCore.Mvc.Testing.WebApplicationFactory`1.CreateClient(WebApplicationFactoryClientOptions options)
   at Microsoft.AspNetCore.Mvc.Testing.WebApplicationFactory`1.CreateClient()
   at PeopleHub.IntegrationTests.Users.GetUsersTests..ctor(CustomWebApplicationFactory factory) in /workspaces/PeopleHub/tests/PeopleHub.IntegrationTests/Users/GetUsersTests.cs:line 14
   at System.RuntimeMethodHandle.InvokeMethod(Object target, Void** arguments, Signature sig, Boolean isConstructor)
   at System.Reflection.MethodBaseInvoker.InvokeDirectByRefWithFewArgs(Object obj, Span`1 copyOfArgs, BindingFlags invokeAttr)
  Failed PeopleHub.IntegrationTests.Controllers.ProviderVerificationControllerTests.Get_WhenVerificationDoesNotExist_ShouldReturnNotFound [1 ms]
  Error Message:
   System.InvalidOperationException : Services for database providers 'Microsoft.EntityFrameworkCore.SqlServer', 'Microsoft.EntityFrameworkCore.Sqlite' have been registered in the service provider. Only a single database provider can be registered in a service provider. If possible, ensure that Entity Framework is managing its service provider by removing the call to 'UseInternalServiceProvider'. Otherwise, consider conditionally registering the database provider, or maintaining one service provider per database provider.
  Stack Trace:
     at Microsoft.EntityFrameworkCore.Internal.DbContextServices.Initialize(IServiceProvider scopedProvider, DbContextOptions contextOptions, DbContext context)
   at Microsoft.EntityFrameworkCore.DbContext.get_ContextServices()
   at Microsoft.EntityFrameworkCore.DbContext.get_InternalServiceProvider()
   at Microsoft.EntityFrameworkCore.DbContext.Microsoft.EntityFrameworkCore.Infrastructure.IInfrastructure<System.IServiceProvider>.get_Instance()
   at Microsoft.EntityFrameworkCore.Infrastructure.Internal.InfrastructureExtensions.GetService(IInfrastructure`1 accessor, Type serviceType)
   at Microsoft.EntityFrameworkCore.Infrastructure.Internal.InfrastructureExtensions.GetService[TService](IInfrastructure`1 accessor)
   at Microsoft.EntityFrameworkCore.Infrastructure.AccessorExtensions.GetService[TService](IInfrastructure`1 accessor)
   at Microsoft.EntityFrameworkCore.Infrastructure.DatabaseFacade.get_Dependencies()
   at Microsoft.EntityFrameworkCore.Infrastructure.DatabaseFacade.EnsureDeleted()
   at PeopleHub.IntegrationTests.Infrastructure.CustomWebApplicationFactory.CreateHost(IHostBuilder builder) in /workspaces/PeopleHub/tests/PeopleHub.IntegrationTests/Infrastructure/CustomWebApplicationFactory.cs:line 66
   at Microsoft.AspNetCore.Mvc.Testing.WebApplicationFactory`1.ConfigureHostBuilder(IHostBuilder hostBuilder)
   at Microsoft.AspNetCore.Mvc.Testing.WebApplicationFactory`1.EnsureServer()
   at Microsoft.AspNetCore.Mvc.Testing.WebApplicationFactory`1.get_Services()
   at PeopleHub.IntegrationTests.Infrastructure.CustomWebApplicationFactory.ResetDatabase() in /workspaces/PeopleHub/tests/PeopleHub.IntegrationTests/Infrastructure/CustomWebApplicationFactory.cs:line 75
   at PeopleHub.IntegrationTests.Controllers.ProviderVerificationControllerTests..ctor(CustomWebApplicationFactory factory, ITestOutputHelper output) in /workspaces/PeopleHub/tests/PeopleHub.IntegrationTests/Providers/Verification/ProviderVerificationControllerTests.cs:line 21
   at InvokeStub_ProviderVerificationControllerTests..ctor(Object, Span`1)
   at System.Reflection.MethodBaseInvoker.InvokeWithFewArgs(Object obj, BindingFlags invokeAttr, Binder binder, Object[] parameters, CultureInfo culture)
  Failed PeopleHub.IntegrationTests.Controllers.ProviderProfilesControllerTests.Create_WhenProfileAlreadyExists_ShouldReturnBadRequest [1 ms]
  Error Message:
   System.InvalidOperationException : Services for database providers 'Microsoft.EntityFrameworkCore.SqlServer', 'Microsoft.EntityFrameworkCore.Sqlite' have been registered in the service provider. Only a single database provider can be registered in a service provider. If possible, ensure that Entity Framework is managing its service provider by removing the call to 'UseInternalServiceProvider'. Otherwise, consider conditionally registering the database provider, or maintaining one service provider per database provider.
  Stack Trace:
     at Microsoft.EntityFrameworkCore.Internal.DbContextServices.Initialize(IServiceProvider scopedProvider, DbContextOptions contextOptions, DbContext context)
   at Microsoft.EntityFrameworkCore.DbContext.get_ContextServices()
   at Microsoft.EntityFrameworkCore.DbContext.get_InternalServiceProvider()
   at Microsoft.EntityFrameworkCore.DbContext.Microsoft.EntityFrameworkCore.Infrastructure.IInfrastructure<System.IServiceProvider>.get_Instance()
   at Microsoft.EntityFrameworkCore.Infrastructure.Internal.InfrastructureExtensions.GetService(IInfrastructure`1 accessor, Type serviceType)
   at Microsoft.EntityFrameworkCore.Infrastructure.Internal.InfrastructureExtensions.GetService[TService](IInfrastructure`1 accessor)
   at Microsoft.EntityFrameworkCore.Infrastructure.AccessorExtensions.GetService[TService](IInfrastructure`1 accessor)
   at Microsoft.EntityFrameworkCore.Infrastructure.DatabaseFacade.get_Dependencies()
   at Microsoft.EntityFrameworkCore.Infrastructure.DatabaseFacade.EnsureDeleted()
   at PeopleHub.IntegrationTests.Infrastructure.CustomWebApplicationFactory.CreateHost(IHostBuilder builder) in /workspaces/PeopleHub/tests/PeopleHub.IntegrationTests/Infrastructure/CustomWebApplicationFactory.cs:line 66
   at Microsoft.AspNetCore.Mvc.Testing.WebApplicationFactory`1.ConfigureHostBuilder(IHostBuilder hostBuilder)
   at Microsoft.AspNetCore.Mvc.Testing.WebApplicationFactory`1.EnsureServer()
   at Microsoft.AspNetCore.Mvc.Testing.WebApplicationFactory`1.get_Services()
   at PeopleHub.IntegrationTests.Infrastructure.CustomWebApplicationFactory.ResetDatabase() in /workspaces/PeopleHub/tests/PeopleHub.IntegrationTests/Infrastructure/CustomWebApplicationFactory.cs:line 75
   at PeopleHub.IntegrationTests.Controllers.ProviderProfilesControllerTests..ctor(CustomWebApplicationFactory factory, ITestOutputHelper output) in /workspaces/PeopleHub/tests/PeopleHub.IntegrationTests/Providers/Profiles/ProviderProfilesControllerTests.cs:line 21
   at System.RuntimeMethodHandle.InvokeMethod(Object target, Void** arguments, Signature sig, Boolean isConstructor)
   at System.Reflection.MethodBaseInvoker.InvokeDirectByRefWithFewArgs(Object obj, Span`1 copyOfArgs, BindingFlags invokeAttr)
  Failed PeopleHub.IntegrationTests.Controllers.ProviderProfilesControllerTests.Get_ShouldReturnCreatedProfile [1 ms]
  Error Message:
   System.InvalidOperationException : Services for database providers 'Microsoft.EntityFrameworkCore.SqlServer', 'Microsoft.EntityFrameworkCore.Sqlite' have been registered in the service provider. Only a single database provider can be registered in a service provider. If possible, ensure that Entity Framework is managing its service provider by removing the call to 'UseInternalServiceProvider'. Otherwise, consider conditionally registering the database provider, or maintaining one service provider per database provider.
  Stack Trace:
     at Microsoft.EntityFrameworkCore.Internal.DbContextServices.Initialize(IServiceProvider scopedProvider, DbContextOptions contextOptions, DbContext context)
   at Microsoft.EntityFrameworkCore.DbContext.get_ContextServices()
   at Microsoft.EntityFrameworkCore.DbContext.get_InternalServiceProvider()
   at Microsoft.EntityFrameworkCore.DbContext.Microsoft.EntityFrameworkCore.Infrastructure.IInfrastructure<System.IServiceProvider>.get_Instance()
   at Microsoft.EntityFrameworkCore.Infrastructure.Internal.InfrastructureExtensions.GetService(IInfrastructure`1 accessor, Type serviceType)
   at Microsoft.EntityFrameworkCore.Infrastructure.Internal.InfrastructureExtensions.GetService[TService](IInfrastructure`1 accessor)
   at Microsoft.EntityFrameworkCore.Infrastructure.AccessorExtensions.GetService[TService](IInfrastructure`1 accessor)
   at Microsoft.EntityFrameworkCore.Infrastructure.DatabaseFacade.get_Dependencies()
   at Microsoft.EntityFrameworkCore.Infrastructure.DatabaseFacade.EnsureDeleted()
   at PeopleHub.IntegrationTests.Infrastructure.CustomWebApplicationFactory.CreateHost(IHostBuilder builder) in /workspaces/PeopleHub/tests/PeopleHub.IntegrationTests/Infrastructure/CustomWebApplicationFactory.cs:line 66
   at Microsoft.AspNetCore.Mvc.Testing.WebApplicationFactory`1.ConfigureHostBuilder(IHostBuilder hostBuilder)
   at Microsoft.AspNetCore.Mvc.Testing.WebApplicationFactory`1.EnsureServer()
   at Microsoft.AspNetCore.Mvc.Testing.WebApplicationFactory`1.get_Services()
   at PeopleHub.IntegrationTests.Infrastructure.CustomWebApplicationFactory.ResetDatabase() in /workspaces/PeopleHub/tests/PeopleHub.IntegrationTests/Infrastructure/CustomWebApplicationFactory.cs:line 75
   at PeopleHub.IntegrationTests.Controllers.ProviderProfilesControllerTests..ctor(CustomWebApplicationFactory factory, ITestOutputHelper output) in /workspaces/PeopleHub/tests/PeopleHub.IntegrationTests/Providers/Profiles/ProviderProfilesControllerTests.cs:line 21
   at InvokeStub_ProviderProfilesControllerTests..ctor(Object, Span`1)
   at System.Reflection.MethodBaseInvoker.InvokeWithFewArgs(Object obj, BindingFlags invokeAttr, Binder binder, Object[] parameters, CultureInfo culture)
  Failed PeopleHub.IntegrationTests.Controllers.ProviderProfilesControllerTests.Create_ShouldReturnCreated [1 ms]
  Error Message:
   System.InvalidOperationException : Services for database providers 'Microsoft.EntityFrameworkCore.SqlServer', 'Microsoft.EntityFrameworkCore.Sqlite' have been registered in the service provider. Only a single database provider can be registered in a service provider. If possible, ensure that Entity Framework is managing its service provider by removing the call to 'UseInternalServiceProvider'. Otherwise, consider conditionally registering the database provider, or maintaining one service provider per database provider.
  Stack Trace:
     at Microsoft.EntityFrameworkCore.Internal.DbContextServices.Initialize(IServiceProvider scopedProvider, DbContextOptions contextOptions, DbContext context)
   at Microsoft.EntityFrameworkCore.DbContext.get_ContextServices()
   at Microsoft.EntityFrameworkCore.DbContext.get_InternalServiceProvider()
   at Microsoft.EntityFrameworkCore.DbContext.Microsoft.EntityFrameworkCore.Infrastructure.IInfrastructure<System.IServiceProvider>.get_Instance()
   at Microsoft.EntityFrameworkCore.Infrastructure.Internal.InfrastructureExtensions.GetService(IInfrastructure`1 accessor, Type serviceType)
   at Microsoft.EntityFrameworkCore.Infrastructure.Internal.InfrastructureExtensions.GetService[TService](IInfrastructure`1 accessor)
   at Microsoft.EntityFrameworkCore.Infrastructure.AccessorExtensions.GetService[TService](IInfrastructure`1 accessor)
   at Microsoft.EntityFrameworkCore.Infrastructure.DatabaseFacade.get_Dependencies()
   at Microsoft.EntityFrameworkCore.Infrastructure.DatabaseFacade.EnsureDeleted()
   at PeopleHub.IntegrationTests.Infrastructure.CustomWebApplicationFactory.CreateHost(IHostBuilder builder) in /workspaces/PeopleHub/tests/PeopleHub.IntegrationTests/Infrastructure/CustomWebApplicationFactory.cs:line 66
   at Microsoft.AspNetCore.Mvc.Testing.WebApplicationFactory`1.ConfigureHostBuilder(IHostBuilder hostBuilder)
   at Microsoft.AspNetCore.Mvc.Testing.WebApplicationFactory`1.EnsureServer()
   at Microsoft.AspNetCore.Mvc.Testing.WebApplicationFactory`1.get_Services()
   at PeopleHub.IntegrationTests.Infrastructure.CustomWebApplicationFactory.ResetDatabase() in /workspaces/PeopleHub/tests/PeopleHub.IntegrationTests/Infrastructure/CustomWebApplicationFactory.cs:line 75
   at PeopleHub.IntegrationTests.Controllers.ProviderProfilesControllerTests..ctor(CustomWebApplicationFactory factory, ITestOutputHelper output) in /workspaces/PeopleHub/tests/PeopleHub.IntegrationTests/Providers/Profiles/ProviderProfilesControllerTests.cs:line 21
   at InvokeStub_ProviderProfilesControllerTests..ctor(Object, Span`1)
   at System.Reflection.MethodBaseInvoker.InvokeWithFewArgs(Object obj, BindingFlags invokeAttr, Binder binder, Object[] parameters, CultureInfo culture)
  Failed PeopleHub.IntegrationTests.Controllers.ProviderProfilesControllerTests.Update_ShouldReturnUpdatedProfile [1 ms]
  Error Message:
   System.InvalidOperationException : Services for database providers 'Microsoft.EntityFrameworkCore.SqlServer', 'Microsoft.EntityFrameworkCore.Sqlite' have been registered in the service provider. Only a single database provider can be registered in a service provider. If possible, ensure that Entity Framework is managing its service provider by removing the call to 'UseInternalServiceProvider'. Otherwise, consider conditionally registering the database provider, or maintaining one service provider per database provider.
  Stack Trace:
     at Microsoft.EntityFrameworkCore.Internal.DbContextServices.Initialize(IServiceProvider scopedProvider, DbContextOptions contextOptions, DbContext context)
   at Microsoft.EntityFrameworkCore.DbContext.get_ContextServices()
   at Microsoft.EntityFrameworkCore.DbContext.get_InternalServiceProvider()
   at Microsoft.EntityFrameworkCore.DbContext.Microsoft.EntityFrameworkCore.Infrastructure.IInfrastructure<System.IServiceProvider>.get_Instance()
   at Microsoft.EntityFrameworkCore.Infrastructure.Internal.InfrastructureExtensions.GetService(IInfrastructure`1 accessor, Type serviceType)
   at Microsoft.EntityFrameworkCore.Infrastructure.Internal.InfrastructureExtensions.GetService[TService](IInfrastructure`1 accessor)
   at Microsoft.EntityFrameworkCore.Infrastructure.AccessorExtensions.GetService[TService](IInfrastructure`1 accessor)
   at Microsoft.EntityFrameworkCore.Infrastructure.DatabaseFacade.get_Dependencies()
   at Microsoft.EntityFrameworkCore.Infrastructure.DatabaseFacade.EnsureDeleted()
   at PeopleHub.IntegrationTests.Infrastructure.CustomWebApplicationFactory.CreateHost(IHostBuilder builder) in /workspaces/PeopleHub/tests/PeopleHub.IntegrationTests/Infrastructure/CustomWebApplicationFactory.cs:line 66
   at Microsoft.AspNetCore.Mvc.Testing.WebApplicationFactory`1.ConfigureHostBuilder(IHostBuilder hostBuilder)
   at Microsoft.AspNetCore.Mvc.Testing.WebApplicationFactory`1.EnsureServer()
   at Microsoft.AspNetCore.Mvc.Testing.WebApplicationFactory`1.get_Services()
   at PeopleHub.IntegrationTests.Infrastructure.CustomWebApplicationFactory.ResetDatabase() in /workspaces/PeopleHub/tests/PeopleHub.IntegrationTests/Infrastructure/CustomWebApplicationFactory.cs:line 75
   at PeopleHub.IntegrationTests.Controllers.ProviderProfilesControllerTests..ctor(CustomWebApplicationFactory factory, ITestOutputHelper output) in /workspaces/PeopleHub/tests/PeopleHub.IntegrationTests/Providers/Profiles/ProviderProfilesControllerTests.cs:line 21
   at InvokeStub_ProviderProfilesControllerTests..ctor(Object, Span`1)
   at System.Reflection.MethodBaseInvoker.InvokeWithFewArgs(Object obj, BindingFlags invokeAttr, Binder binder, Object[] parameters, CultureInfo culture)
  Failed PeopleHub.IntegrationTests.Controllers.ProviderProfilesControllerTests.Get_WhenProfileDoesNotExist_ShouldReturnNotFound [1 ms]
  Error Message:
   System.InvalidOperationException : Services for database providers 'Microsoft.EntityFrameworkCore.SqlServer', 'Microsoft.EntityFrameworkCore.Sqlite' have been registered in the service provider. Only a single database provider can be registered in a service provider. If possible, ensure that Entity Framework is managing its service provider by removing the call to 'UseInternalServiceProvider'. Otherwise, consider conditionally registering the database provider, or maintaining one service provider per database provider.
  Stack Trace:
     at Microsoft.EntityFrameworkCore.Internal.DbContextServices.Initialize(IServiceProvider scopedProvider, DbContextOptions contextOptions, DbContext context)
   at Microsoft.EntityFrameworkCore.DbContext.get_ContextServices()
   at Microsoft.EntityFrameworkCore.DbContext.get_InternalServiceProvider()
   at Microsoft.EntityFrameworkCore.DbContext.Microsoft.EntityFrameworkCore.Infrastructure.IInfrastructure<System.IServiceProvider>.get_Instance()
   at Microsoft.EntityFrameworkCore.Infrastructure.Internal.InfrastructureExtensions.GetService(IInfrastructure`1 accessor, Type serviceType)
   at Microsoft.EntityFrameworkCore.Infrastructure.Internal.InfrastructureExtensions.GetService[TService](IInfrastructure`1 accessor)
   at Microsoft.EntityFrameworkCore.Infrastructure.AccessorExtensions.GetService[TService](IInfrastructure`1 accessor)
   at Microsoft.EntityFrameworkCore.Infrastructure.DatabaseFacade.get_Dependencies()
   at Microsoft.EntityFrameworkCore.Infrastructure.DatabaseFacade.EnsureDeleted()
   at PeopleHub.IntegrationTests.Infrastructure.CustomWebApplicationFactory.CreateHost(IHostBuilder builder) in /workspaces/PeopleHub/tests/PeopleHub.IntegrationTests/Infrastructure/CustomWebApplicationFactory.cs:line 66
   at Microsoft.AspNetCore.Mvc.Testing.WebApplicationFactory`1.ConfigureHostBuilder(IHostBuilder hostBuilder)
   at Microsoft.AspNetCore.Mvc.Testing.WebApplicationFactory`1.EnsureServer()
   at Microsoft.AspNetCore.Mvc.Testing.WebApplicationFactory`1.get_Services()
   at PeopleHub.IntegrationTests.Infrastructure.CustomWebApplicationFactory.ResetDatabase() in /workspaces/PeopleHub/tests/PeopleHub.IntegrationTests/Infrastructure/CustomWebApplicationFactory.cs:line 75
   at PeopleHub.IntegrationTests.Controllers.ProviderProfilesControllerTests..ctor(CustomWebApplicationFactory factory, ITestOutputHelper output) in /workspaces/PeopleHub/tests/PeopleHub.IntegrationTests/Providers/Profiles/ProviderProfilesControllerTests.cs:line 21
   at InvokeStub_ProviderProfilesControllerTests..ctor(Object, Span`1)
   at System.Reflection.MethodBaseInvoker.InvokeWithFewArgs(Object obj, BindingFlags invokeAttr, Binder binder, Object[] parameters, CultureInfo culture)
  Failed PeopleHub.IntegrationTests.Controllers.ProviderProfilesControllerTests.Delete_ShouldRemoveProfile [1 ms]
  Error Message:
   System.InvalidOperationException : Services for database providers 'Microsoft.EntityFrameworkCore.SqlServer', 'Microsoft.EntityFrameworkCore.Sqlite' have been registered in the service provider. Only a single database provider can be registered in a service provider. If possible, ensure that Entity Framework is managing its service provider by removing the call to 'UseInternalServiceProvider'. Otherwise, consider conditionally registering the database provider, or maintaining one service provider per database provider.
  Stack Trace:
     at Microsoft.EntityFrameworkCore.Internal.DbContextServices.Initialize(IServiceProvider scopedProvider, DbContextOptions contextOptions, DbContext context)
   at Microsoft.EntityFrameworkCore.DbContext.get_ContextServices()
   at Microsoft.EntityFrameworkCore.DbContext.get_InternalServiceProvider()
   at Microsoft.EntityFrameworkCore.DbContext.Microsoft.EntityFrameworkCore.Infrastructure.IInfrastructure<System.IServiceProvider>.get_Instance()
   at Microsoft.EntityFrameworkCore.Infrastructure.Internal.InfrastructureExtensions.GetService(IInfrastructure`1 accessor, Type serviceType)
   at Microsoft.EntityFrameworkCore.Infrastructure.Internal.InfrastructureExtensions.GetService[TService](IInfrastructure`1 accessor)
   at Microsoft.EntityFrameworkCore.Infrastructure.AccessorExtensions.GetService[TService](IInfrastructure`1 accessor)
   at Microsoft.EntityFrameworkCore.Infrastructure.DatabaseFacade.get_Dependencies()
   at Microsoft.EntityFrameworkCore.Infrastructure.DatabaseFacade.EnsureDeleted()
   at PeopleHub.IntegrationTests.Infrastructure.CustomWebApplicationFactory.CreateHost(IHostBuilder builder) in /workspaces/PeopleHub/tests/PeopleHub.IntegrationTests/Infrastructure/CustomWebApplicationFactory.cs:line 66
   at Microsoft.AspNetCore.Mvc.Testing.WebApplicationFactory`1.ConfigureHostBuilder(IHostBuilder hostBuilder)
   at Microsoft.AspNetCore.Mvc.Testing.WebApplicationFactory`1.EnsureServer()
   at Microsoft.AspNetCore.Mvc.Testing.WebApplicationFactory`1.get_Services()
   at PeopleHub.IntegrationTests.Infrastructure.CustomWebApplicationFactory.ResetDatabase() in /workspaces/PeopleHub/tests/PeopleHub.IntegrationTests/Infrastructure/CustomWebApplicationFactory.cs:line 75
   at PeopleHub.IntegrationTests.Controllers.ProviderProfilesControllerTests..ctor(CustomWebApplicationFactory factory, ITestOutputHelper output) in /workspaces/PeopleHub/tests/PeopleHub.IntegrationTests/Providers/Profiles/ProviderProfilesControllerTests.cs:line 21
   at InvokeStub_ProviderProfilesControllerTests..ctor(Object, Span`1)
   at System.Reflection.MethodBaseInvoker.InvokeWithFewArgs(Object obj, BindingFlags invokeAttr, Binder binder, Object[] parameters, CultureInfo culture)

Failed!  - Failed:    24, Passed:     0, Skipped:     0, Total:    24, Duration: 3 s - PeopleHub.IntegrationTests.dll (net9.0)
  PeopleHub.UnitTests -> /workspaces/PeopleHub/tests/PeopleHub.UnitTests/bin/Debug/net9.0/PeopleHub.UnitTests.dll
Test run for /workspaces/PeopleHub/tests/PeopleHub.UnitTests/bin/Debug/net9.0/PeopleHub.UnitTests.dll (.NETCoreApp,Version=v9.0)
VSTest version 17.14.1 (x64)

Starting test execution, please wait...
A total of 1 test files matched the specified pattern.

Passed!  - Failed:     0, Passed:    26, Skipped:     0, Total:    26, Duration: 885 ms - PeopleHub.UnitTests.dll (net9.0)
